17:21:57 **** Incremental Build of configuration Debug for project 9_adc_driver ****
make -j16 all 
arm-none-eabi-gcc "../Src/uart.c" -mcpu=cortex-m4 -std=gnu11 -g3 -DDEBUG -DSTM32 -DSTM32F4 -DSTM32F446RETx -DNUCLEO_F446RE -DSTM32F446xx -c -I../Inc -I"C:/Projects/Bare-Metal-C-Programming/chip_headers/CMSIS/Device/ST/STM32F4xx/Include" -I"C:/Projects/Bare-Metal-C-Programming/chip_headers/CMSIS/Include" -O0 -ffunction-sections -fdata-sections -Wall -fstack-usage -fcyclomatic-complexity -MMD -MP -MF"Src/uart.d" -MT"Src/uart.o" --specs=nano.specs -mfpu=fpv4-sp-d16 -mfloat-abi=hard -mthumb -o "Src/uart.o"
arm-none-eabi-gcc -o "9_adc_driver.elf" @"objects.list"   -mcpu=cortex-m4 -T"C:\Projects\Bare-Metal-C-Programming\9_adc_driver\STM32F446RETX_FLASH.ld" --specs=nosys.specs -Wl,-Map="9_adc_driver.map" -Wl,--gc-sections -static --specs=nano.specs -mfpu=fpv4-sp-d16 -mfloat-abi=hard -mthumb -Wl,--start-group -lc -lm -Wl,--end-group
Finished building target: 9_adc_driver.elf
 
arm-none-eabi-size  9_adc_driver.elf 
arm-none-eabi-objdump -h -S 9_adc_driver.elf  > "9_adc_driver.list"
   text	   data	    bss	    dec	    hex	filename
   5396	     92	   1908	   7396	   1ce4	9_adc_driver.elf
Finished building: default.size.stdout
 
Finished building: 9_adc_driver.list
 

17:21:58 Build Finished. 0 errors, 0 warnings. (took 779ms)

