13:40:58 **** Incremental Build of configuration Debug for project 3_gpio_bsrr ****
make -j16 all 
arm-none-eabi-gcc "../Src/main.c" -mcpu=cortex-m4 -std=gnu11 -g3 -DDEBUG -DSTM32 -DSTM32F4 -DSTM32F446RETx -DNUCLEO_F446RE -DSTM32F446xx -c -I../Inc -I"C:/Projects/Bare-Metal-C-Programming/chip_headers/CMSIS/Device/ST/STM32F4xx/Include" -I"C:/Projects/Bare-Metal-C-Programming/chip_headers/CMSIS/Include" -O0 -ffunction-sections -fdata-sections -Wall -fstack-usage -fcyclomatic-complexity -MMD -MP -MF"Src/main.d" -MT"Src/main.o" --specs=nano.specs -mfpu=fpv4-sp-d16 -mfloat-abi=hard -mthumb -o "Src/main.o"
arm-none-eabi-gcc -o "3_gpio_bsrr.elf" @"objects.list"   -mcpu=cortex-m4 -T"C:\Projects\Bare-Metal-C-Programming\3_gpio_bsrr\STM32F446RETX_FLASH.ld" --specs=nosys.specs -Wl,-Map="3_gpio_bsrr.map" -Wl,--gc-sections -static --specs=nano.specs -mfpu=fpv4-sp-d16 -mfloat-abi=hard -mthumb -Wl,--start-group -lc -lm -Wl,--end-group
Finished building target: 3_gpio_bsrr.elf
 
arm-none-eabi-size  3_gpio_bsrr.elf 
arm-none-eabi-objdump -h -S 3_gpio_bsrr.elf  > "3_gpio_bsrr.list"
   text	   data	    bss	    dec	    hex	filename
    816	      0	   1568	   2384	    950	3_gpio_bsrr.elf
Finished building: default.size.stdout
 
Finished building: 3_gpio_bsrr.list
 
13:41:07 **** Incremental Build of configuration Debug for project 3_gpio_bsrr ****
make -j16 all 
arm-none-eabi-size  3_gpio_bsrr.elf 
   text	   data	    bss	    dec	    hex	filename
    816	      0	   1568	   2384	    950	3_gpio_bsrr.elf
Finished building: default.size.stdout
 
